// Jest Snapshot v1, https://goo.gl/fbAQLP

exports[`<ErrorState /> should render and match the snapshot 1`] = `
.emotion-0.emotion-0 {
  margin: 20px 0;
  color: grey;
  color: grey;
}

.emotion-2 {
  white-space: pre-line;
}

<body>
  <div>
    <div
      class="ant-card ant-card-bordered emotion-0 emotion-1"
      color="grey"
      data-testid="error-state"
    >
      <div
        class="ant-card-head"
      >
        <div
          class="ant-card-head-wrapper"
        >
          <div
            class="ant-card-head-title"
          >
            Repository List
          </div>
        </div>
      </div>
      <div
        class="ant-card-body"
      >
        <span
          class="emotion-2"
          data-testid="text"
        >
          Search for a repository by entering it's name in the search box
        </span>
      </div>
    </div>
  </div>
</body>
`;
